Server running on port 3000
[Server] New connection: 66a_N973Dbuw93oJAAAB
[Server] Socket 66a_N973Dbuw93oJAAAB joining room: GLOBAL
[Server] Created new room state for GLOBAL with seed 2189690973
[Server] Socket disconnecting: 66a_N973Dbuw93oJAAAB
[Server] Room GLOBAL is empty, cleaning up.
[Server] New connection: PaurLYyJlxSO3I3hAAAD
[Server] Socket PaurLYyJlxSO3I3hAAAD joining room: GLOBAL
[Server] Created new room state for GLOBAL with seed 2189690973
[Server] Socket disconnecting: PaurLYyJlxSO3I3hAAAD
[Server] Room GLOBAL is empty, cleaning up.
[Server] New connection: HiMCtCBiu_cdsra-AAAF
[Server] Socket HiMCtCBiu_cdsra-AAAF joining room: GLOBAL
[Server] Created new room state for GLOBAL with seed 2189690973
[Server] Socket disconnecting: HiMCtCBiu_cdsra-AAAF
[Server] Room GLOBAL is empty, cleaning up.
[Server] New connection: kn_nC0kAwQ-C4Lf2AAAH
[Server] Socket kn_nC0kAwQ-C4Lf2AAAH joining room: GLOBAL
[Server] Created new room state for GLOBAL with seed 2189690973
[Server] Socket disconnecting: kn_nC0kAwQ-C4Lf2AAAH
[Server] Room GLOBAL is empty, cleaning up.
[Server] New connection: 0hUF2hX8BSOFTTWbAAAJ
[Server] Socket 0hUF2hX8BSOFTTWbAAAJ joining room: GLOBAL
[Server] Created new room state for GLOBAL with seed 2189690973
[Server] Socket disconnecting: 0hUF2hX8BSOFTTWbAAAJ
[Server] Room GLOBAL is empty, cleaning up.
[Server] New connection: ukVdbjsRUZj78v1mAAAL
[Server] Socket ukVdbjsRUZj78v1mAAAL joining room: GLOBAL
[Server] Created new room state for GLOBAL with seed 2189690973
[Server] Socket disconnecting: ukVdbjsRUZj78v1mAAAL
[Server] Room GLOBAL is empty, cleaning up.
[Server] New connection: XozKuwxc5j1i4j3mAAAN
[Server] Socket XozKuwxc5j1i4j3mAAAN joining room: GLOBAL
[Server] Created new room state for GLOBAL with seed 2189690973
[Server] Socket disconnecting: XozKuwxc5j1i4j3mAAAN
[Server] Room GLOBAL is empty, cleaning up.
