ID: 0, Name: Forest Dragon #0
ID: 1, Name: Forest Dragon #1
ID: 2, Name: Forest Dragon #2
ID: 3, Name: Forest Dragon #3
ID: 4, Name: Forest Dragon #4
ID: 5, Name: Desert Dragon #5
ID: 6, Name: Desert Dragon #6
ID: 7, Name: Desert Dragon #7
ID: 8, Name: Desert Dragon #8
ID: 9, Name: Desert Dragon #9
ID: 10, Name: Ocean Dragon #10
ID: 11, Name: Ocean Dragon #11
ID: 12, Name: Ocean Dragon #12
ID: 13, Name: Ocean Dragon #13
ID: 14, Name: Ocean Dragon #14
ID: 15, Name: Forest Dragon #15
ID: 16, Name: Forest Dragon #16
ID: 17, Name: Forest Dragon #17
ID: 18, Name: Forest Dragon #18
ID: 19, Name: Forest Dragon #19
ID: 20, Name: Desert Dragon #20
ID: 21, Name: Desert Dragon #21
ID: 22, Name: Desert Dragon #22
ID: 23, Name: Desert Dragon #23
ID: 24, Name: Desert Dragon #24
ID: 25, Name: Ocean Dragon #25
ID: 26, Name: Ocean Dragon #26
ID: 27, Name: Ocean Dragon #27
ID: 28, Name: Ocean Dragon #28
ID: 29, Name: Ocean Dragon #29
ID: 30, Name: Forest Dragon #30
ID: 31, Name: Forest Dragon #31
ID: 32, Name: Forest Dragon #32
ID: 33, Name: Forest Dragon #33
ID: 34, Name: Forest Dragon #34
ID: 35, Name: Desert Dragon #35
ID: 36, Name: Desert Dragon #36
ID: 37, Name: Desert Dragon #37
ID: 38, Name: Desert Dragon #38
ID: 39, Name: Desert Dragon #39
ID: 40, Name: Ocean Dragon #40
ID: 41, Name: Ocean Dragon #41
ID: 42, Name: Ocean Dragon #42
ID: 43, Name: Ocean Dragon #43
ID: 44, Name: Ocean Dragon #44
ID: 45, Name: Forest Dragon #45
ID: 46, Name: Forest Dragon #46
ID: 47, Name: Forest Dragon #47
ID: 48, Name: Forest Dragon #48
ID: 49, Name: Forest Dragon #49
ID: 50, Name: Desert Dragon #50
ID: 51, Name: Desert Dragon #51
ID: 52, Name: Desert Dragon #52
ID: 53, Name: Desert Dragon #53
ID: 54, Name: Desert Dragon #54
ID: 55, Name: Ocean Dragon #55
ID: 56, Name: Ocean Dragon #56
ID: 57, Name: Ocean Dragon #57
ID: 58, Name: Ocean Dragon #58
ID: 59, Name: Ocean Dragon #59
ID: 60, Name: Forest Dragon #60
ID: 61, Name: Forest Dragon #61
ID: 62, Name: Forest Dragon #62
ID: 63, Name: Forest Dragon #63
ID: 64, Name: Forest Dragon #64
ID: 65, Name: Desert Dragon #65
ID: 66, Name: Desert Dragon #66
ID: 67, Name: Desert Dragon #67
ID: 68, Name: Desert Dragon #68
ID: 69, Name: Desert Dragon #69
ID: 70, Name: Ocean Dragon #70
ID: 71, Name: Ocean Dragon #71
ID: 72, Name: Ocean Dragon #72
ID: 73, Name: Ocean Dragon #73
ID: 74, Name: Ocean Dragon #74
ID: 75, Name: Forest Phoenix #75
ID: 76, Name: Forest Phoenix #76
ID: 77, Name: Forest Phoenix #77
ID: 78, Name: Forest Phoenix #78
ID: 79, Name: Forest Phoenix #79
ID: 80, Name: Desert Phoenix #80
ID: 81, Name: Desert Phoenix #81
ID: 82, Name: Desert Phoenix #82
ID: 83, Name: Desert Phoenix #83
ID: 84, Name: Desert Phoenix #84
ID: 85, Name: Ocean Phoenix #85
ID: 86, Name: Ocean Phoenix #86
ID: 87, Name: Ocean Phoenix #87
ID: 88, Name: Ocean Phoenix #88
ID: 89, Name: Ocean Phoenix #89
ID: 90, Name: Forest Phoenix #90
ID: 91, Name: Forest Phoenix #91
ID: 92, Name: Forest Phoenix #92
ID: 93, Name: Forest Phoenix #93
ID: 94, Name: Forest Phoenix #94
ID: 95, Name: Desert Phoenix #95
ID: 96, Name: Desert Phoenix #96
ID: 97, Name: Desert Phoenix #97
ID: 98, Name: Desert Phoenix #98
ID: 99, Name: Desert Phoenix #99
ID: 100, Name: Ocean Phoenix #100
ID: 101, Name: Ocean Phoenix #101
ID: 102, Name: Ocean Phoenix #102
ID: 103, Name: Ocean Phoenix #103
ID: 104, Name: Ocean Phoenix #104
ID: 105, Name: Forest Phoenix #105
ID: 106, Name: Forest Phoenix #106
ID: 107, Name: Forest Phoenix #107
ID: 108, Name: Forest Phoenix #108
ID: 109, Name: Forest Phoenix #109
ID: 110, Name: Desert Phoenix #110
ID: 111, Name: Desert Phoenix #111
ID: 112, Name: Desert Phoenix #112
ID: 113, Name: Desert Phoenix #113
ID: 114, Name: Desert Phoenix #114
ID: 115, Name: Ocean Phoenix #115
ID: 116, Name: Ocean Phoenix #116
ID: 117, Name: Ocean Phoenix #117
ID: 118, Name: Ocean Phoenix #118
ID: 119, Name: Ocean Phoenix #119
ID: 120, Name: Forest Phoenix #120
ID: 121, Name: Forest Phoenix #121
ID: 122, Name: Forest Phoenix #122
ID: 123, Name: Forest Phoenix #123
ID: 124, Name: Forest Phoenix #124
ID: 125, Name: Desert Phoenix #125
ID: 126, Name: Desert Phoenix #126
ID: 127, Name: Desert Phoenix #127
ID: 128, Name: Desert Phoenix #128
ID: 129, Name: Desert Phoenix #129
ID: 130, Name: Ocean Phoenix #130
ID: 131, Name: Ocean Phoenix #131
ID: 132, Name: Ocean Phoenix #132
ID: 133, Name: Ocean Phoenix #133
ID: 134, Name: Ocean Phoenix #134
ID: 135, Name: Forest Phoenix #135
ID: 136, Name: Forest Phoenix #136
ID: 137, Name: Forest Phoenix #137
ID: 138, Name: Forest Phoenix #138
ID: 139, Name: Forest Phoenix #139
ID: 140, Name: Desert Phoenix #140
ID: 141, Name: Desert Phoenix #141
ID: 142, Name: Desert Phoenix #142
ID: 143, Name: Desert Phoenix #143
ID: 144, Name: Desert Phoenix #144
ID: 145, Name: Ocean Phoenix #145
ID: 146, Name: Ocean Phoenix #146
ID: 147, Name: Ocean Phoenix #147
ID: 148, Name: Ocean Phoenix #148
ID: 149, Name: Ocean Phoenix #149
ID: 150, Name: Forest Unicorn #150
ID: 151, Name: Forest Unicorn #151
ID: 152, Name: Forest Unicorn #152
ID: 153, Name: Forest Unicorn #153
ID: 154, Name: Forest Unicorn #154
ID: 155, Name: Desert Unicorn #155
ID: 156, Name: Desert Unicorn #156
ID: 157, Name: Desert Unicorn #157
ID: 158, Name: Desert Unicorn #158
ID: 159, Name: Desert Unicorn #159
ID: 160, Name: Ocean Unicorn #160
ID: 161, Name: Ocean Unicorn #161
ID: 162, Name: Ocean Unicorn #162
ID: 163, Name: Ocean Unicorn #163
ID: 164, Name: Ocean Unicorn #164
ID: 165, Name: Forest Unicorn #165
ID: 166, Name: Forest Unicorn #166
ID: 167, Name: Forest Unicorn #167
ID: 168, Name: Forest Unicorn #168
ID: 169, Name: Forest Unicorn #169
ID: 170, Name: Desert Unicorn #170
ID: 171, Name: Desert Unicorn #171
ID: 172, Name: Desert Unicorn #172
ID: 173, Name: Desert Unicorn #173
ID: 174, Name: Desert Unicorn #174
ID: 175, Name: Ocean Unicorn #175
ID: 176, Name: Ocean Unicorn #176
ID: 177, Name: Ocean Unicorn #177
ID: 178, Name: Ocean Unicorn #178
ID: 179, Name: Ocean Unicorn #179
ID: 180, Name: Forest Unicorn #180
ID: 181, Name: Forest Unicorn #181
ID: 182, Name: Forest Unicorn #182
ID: 183, Name: Forest Unicorn #183
ID: 184, Name: Forest Unicorn #184
ID: 185, Name: Desert Unicorn #185
ID: 186, Name: Desert Unicorn #186
ID: 187, Name: Desert Unicorn #187
ID: 188, Name: Desert Unicorn #188
ID: 189, Name: Desert Unicorn #189
ID: 190, Name: Ocean Unicorn #190
ID: 191, Name: Ocean Unicorn #191
ID: 192, Name: Ocean Unicorn #192
ID: 193, Name: Ocean Unicorn #193
ID: 194, Name: Ocean Unicorn #194
ID: 195, Name: Forest Unicorn #195
ID: 196, Name: Forest Unicorn #196
ID: 197, Name: Forest Unicorn #197
ID: 198, Name: Forest Unicorn #198
ID: 199, Name: Forest Unicorn #199
ID: 200, Name: Desert Unicorn #200
ID: 201, Name: Desert Unicorn #201
ID: 202, Name: Desert Unicorn #202
ID: 203, Name: Desert Unicorn #203
ID: 204, Name: Desert Unicorn #204
ID: 205, Name: Ocean Unicorn #205
ID: 206, Name: Ocean Unicorn #206
ID: 207, Name: Ocean Unicorn #207
ID: 208, Name: Ocean Unicorn #208
ID: 209, Name: Ocean Unicorn #209
ID: 210, Name: Forest Unicorn #210
ID: 211, Name: Forest Unicorn #211
ID: 212, Name: Forest Unicorn #212
ID: 213, Name: Forest Unicorn #213
ID: 214, Name: Forest Unicorn #214
ID: 215, Name: Desert Unicorn #215
ID: 216, Name: Desert Unicorn #216
ID: 217, Name: Desert Unicorn #217
ID: 218, Name: Desert Unicorn #218
ID: 219, Name: Desert Unicorn #219
ID: 220, Name: Ocean Unicorn #220
ID: 221, Name: Ocean Unicorn #221
ID: 222, Name: Ocean Unicorn #222
ID: 223, Name: Ocean Unicorn #223
ID: 224, Name: Ocean Unicorn #224
ID: 225, Name: Forest Griffin #225
ID: 226, Name: Forest Griffin #226
ID: 227, Name: Forest Griffin #227
ID: 228, Name: Forest Griffin #228
ID: 229, Name: Forest Griffin #229
ID: 230, Name: Desert Griffin #230
ID: 231, Name: Desert Griffin #231
ID: 232, Name: Desert Griffin #232
ID: 233, Name: Desert Griffin #233
ID: 234, Name: Desert Griffin #234
ID: 235, Name: Ocean Griffin #235
ID: 236, Name: Ocean Griffin #236
ID: 237, Name: Ocean Griffin #237
ID: 238, Name: Ocean Griffin #238
ID: 239, Name: Ocean Griffin #239
ID: 240, Name: Forest Griffin #240
ID: 241, Name: Forest Griffin #241
ID: 242, Name: Forest Griffin #242
ID: 243, Name: Forest Griffin #243
ID: 244, Name: Forest Griffin #244
ID: 245, Name: Desert Griffin #245
ID: 246, Name: Desert Griffin #246
ID: 247, Name: Desert Griffin #247
ID: 248, Name: Desert Griffin #248
ID: 249, Name: Desert Griffin #249
ID: 250, Name: Ocean Griffin #250
ID: 251, Name: Ocean Griffin #251
ID: 252, Name: Ocean Griffin #252
ID: 253, Name: Ocean Griffin #253
ID: 254, Name: Ocean Griffin #254
ID: 255, Name: Forest Griffin #255
ID: 256, Name: Forest Griffin #256
ID: 257, Name: Forest Griffin #257
ID: 258, Name: Forest Griffin #258
ID: 259, Name: Forest Griffin #259
ID: 260, Name: Desert Griffin #260
ID: 261, Name: Desert Griffin #261
ID: 262, Name: Desert Griffin #262
ID: 263, Name: Desert Griffin #263
ID: 264, Name: Desert Griffin #264
ID: 265, Name: Ocean Griffin #265
ID: 266, Name: Ocean Griffin #266
ID: 267, Name: Ocean Griffin #267
ID: 268, Name: Ocean Griffin #268
ID: 269, Name: Ocean Griffin #269
ID: 270, Name: Forest Griffin #270
ID: 271, Name: Forest Griffin #271
ID: 272, Name: Forest Griffin #272
ID: 273, Name: Forest Griffin #273
ID: 274, Name: Forest Griffin #274
ID: 275, Name: Desert Griffin #275
ID: 276, Name: Desert Griffin #276
ID: 277, Name: Desert Griffin #277
ID: 278, Name: Desert Griffin #278
ID: 279, Name: Desert Griffin #279
ID: 280, Name: Ocean Griffin #280
ID: 281, Name: Ocean Griffin #281
ID: 282, Name: Ocean Griffin #282
ID: 283, Name: Ocean Griffin #283
ID: 284, Name: Ocean Griffin #284
ID: 285, Name: Forest Griffin #285
ID: 286, Name: Forest Griffin #286
ID: 287, Name: Forest Griffin #287
ID: 288, Name: Forest Griffin #288
ID: 289, Name: Forest Griffin #289
ID: 290, Name: Desert Griffin #290
ID: 291, Name: Desert Griffin #291
ID: 292, Name: Desert Griffin #292
ID: 293, Name: Desert Griffin #293
ID: 294, Name: Desert Griffin #294
ID: 295, Name: Ocean Griffin #295
ID: 296, Name: Ocean Griffin #296
ID: 297, Name: Ocean Griffin #297
ID: 298, Name: Ocean Griffin #298
ID: 299, Name: Ocean Griffin #299
ID: 300, Name: Forest Wolf #300
ID: 301, Name: Forest Wolf #301
ID: 302, Name: Forest Wolf #302
ID: 303, Name: Forest Wolf #303
ID: 304, Name: Forest Wolf #304
ID: 305, Name: Desert Wolf #305
ID: 306, Name: Desert Wolf #306
ID: 307, Name: Desert Wolf #307
ID: 308, Name: Desert Wolf #308
ID: 309, Name: Desert Wolf #309
ID: 310, Name: Ocean Wolf #310
ID: 311, Name: Ocean Wolf #311
ID: 312, Name: Ocean Wolf #312
ID: 313, Name: Ocean Wolf #313
ID: 314, Name: Ocean Wolf #314
ID: 315, Name: Forest Wolf #315
ID: 316, Name: Forest Wolf #316
ID: 317, Name: Forest Wolf #317
ID: 318, Name: Forest Wolf #318
ID: 319, Name: Forest Wolf #319
ID: 320, Name: Desert Wolf #320
ID: 321, Name: Desert Wolf #321
ID: 322, Name: Desert Wolf #322
ID: 323, Name: Desert Wolf #323
ID: 324, Name: Desert Wolf #324
ID: 325, Name: Ocean Wolf #325
ID: 326, Name: Ocean Wolf #326
ID: 327, Name: Ocean Wolf #327
ID: 328, Name: Ocean Wolf #328
ID: 329, Name: Ocean Wolf #329
ID: 330, Name: Forest Wolf #330
ID: 331, Name: Forest Wolf #331
ID: 332, Name: Forest Wolf #332
ID: 333, Name: Forest Wolf #333
ID: 334, Name: Forest Wolf #334
ID: 335, Name: Desert Wolf #335
ID: 336, Name: Desert Wolf #336
ID: 337, Name: Desert Wolf #337
ID: 338, Name: Desert Wolf #338
ID: 339, Name: Desert Wolf #339
ID: 340, Name: Ocean Wolf #340
ID: 341, Name: Ocean Wolf #341
ID: 342, Name: Ocean Wolf #342
ID: 343, Name: Ocean Wolf #343
ID: 344, Name: Ocean Wolf #344
ID: 345, Name: Forest Wolf #345
ID: 346, Name: Forest Wolf #346
ID: 347, Name: Forest Wolf #347
ID: 348, Name: Forest Wolf #348
ID: 349, Name: Forest Wolf #349
ID: 350, Name: Desert Wolf #350
ID: 351, Name: Desert Wolf #351
ID: 352, Name: Desert Wolf #352
ID: 353, Name: Desert Wolf #353
ID: 354, Name: Desert Wolf #354
ID: 355, Name: Ocean Wolf #355
ID: 356, Name: Ocean Wolf #356
ID: 357, Name: Ocean Wolf #357
ID: 358, Name: Ocean Wolf #358
ID: 359, Name: Ocean Wolf #359
ID: 360, Name: Forest Wolf #360
ID: 361, Name: Forest Wolf #361
ID: 362, Name: Forest Wolf #362
ID: 363, Name: Forest Wolf #363
ID: 364, Name: Forest Wolf #364
ID: 365, Name: Desert Wolf #365
ID: 366, Name: Desert Wolf #366
ID: 367, Name: Desert Wolf #367
ID: 368, Name: Desert Wolf #368
ID: 369, Name: Desert Wolf #369
ID: 370, Name: Ocean Wolf #370
ID: 371, Name: Ocean Wolf #371
ID: 372, Name: Ocean Wolf #372
ID: 373, Name: Ocean Wolf #373
ID: 374, Name: Ocean Wolf #374
ID: 375, Name: Forest Eagle #375
ID: 376, Name: Forest Eagle #376
ID: 377, Name: Forest Eagle #377
ID: 378, Name: Forest Eagle #378
ID: 379, Name: Forest Eagle #379
ID: 380, Name: Desert Eagle #380
ID: 381, Name: Desert Eagle #381
ID: 382, Name: Desert Eagle #382
ID: 383, Name: Desert Eagle #383
ID: 384, Name: Desert Eagle #384
ID: 385, Name: Ocean Eagle #385
ID: 386, Name: Ocean Eagle #386
ID: 387, Name: Ocean Eagle #387
ID: 388, Name: Ocean Eagle #388
ID: 389, Name: Ocean Eagle #389
ID: 390, Name: Forest Eagle #390
ID: 391, Name: Forest Eagle #391
ID: 392, Name: Forest Eagle #392
ID: 393, Name: Forest Eagle #393
ID: 394, Name: Forest Eagle #394
ID: 395, Name: Desert Eagle #395
ID: 396, Name: Desert Eagle #396
ID: 397, Name: Desert Eagle #397
ID: 398, Name: Desert Eagle #398
ID: 399, Name: Desert Eagle #399
ID: 400, Name: Ocean Eagle #400
ID: 401, Name: Ocean Eagle #401
ID: 402, Name: Ocean Eagle #402
ID: 403, Name: Ocean Eagle #403
ID: 404, Name: Ocean Eagle #404
ID: 405, Name: Forest Eagle #405
ID: 406, Name: Forest Eagle #406
ID: 407, Name: Forest Eagle #407
ID: 408, Name: Forest Eagle #408
ID: 409, Name: Forest Eagle #409
ID: 410, Name: Desert Eagle #410
ID: 411, Name: Desert Eagle #411
ID: 412, Name: Desert Eagle #412
ID: 413, Name: Desert Eagle #413
ID: 414, Name: Desert Eagle #414
ID: 415, Name: Ocean Eagle #415
ID: 416, Name: Ocean Eagle #416
ID: 417, Name: Ocean Eagle #417
ID: 418, Name: Ocean Eagle #418
ID: 419, Name: Ocean Eagle #419
ID: 420, Name: Forest Eagle #420
ID: 421, Name: Forest Eagle #421
ID: 422, Name: Forest Eagle #422
ID: 423, Name: Forest Eagle #423
ID: 424, Name: Forest Eagle #424
ID: 425, Name: Desert Eagle #425
ID: 426, Name: Desert Eagle #426
ID: 427, Name: Desert Eagle #427
ID: 428, Name: Desert Eagle #428
ID: 429, Name: Desert Eagle #429
ID: 430, Name: Ocean Eagle #430
ID: 431, Name: Ocean Eagle #431
ID: 432, Name: Ocean Eagle #432
ID: 433, Name: Ocean Eagle #433
ID: 434, Name: Ocean Eagle #434
ID: 435, Name: Forest Eagle #435
ID: 436, Name: Forest Eagle #436
ID: 437, Name: Forest Eagle #437
ID: 438, Name: Forest Eagle #438
ID: 439, Name: Forest Eagle #439
ID: 440, Name: Desert Eagle #440
ID: 441, Name: Desert Eagle #441
ID: 442, Name: Desert Eagle #442
ID: 443, Name: Desert Eagle #443
ID: 444, Name: Desert Eagle #444
ID: 445, Name: Ocean Eagle #445
ID: 446, Name: Ocean Eagle #446
ID: 447, Name: Ocean Eagle #447
ID: 448, Name: Ocean Eagle #448
ID: 449, Name: Ocean Eagle #449
ID: 450, Name: Forest Shark #450
ID: 451, Name: Forest Shark #451
ID: 452, Name: Forest Shark #452
ID: 453, Name: Forest Shark #453
ID: 454, Name: Forest Shark #454
ID: 455, Name: Desert Shark #455
ID: 456, Name: Desert Shark #456
ID: 457, Name: Desert Shark #457
ID: 458, Name: Desert Shark #458
ID: 459, Name: Desert Shark #459
ID: 460, Name: Ocean Shark #460
ID: 461, Name: Ocean Shark #461
ID: 462, Name: Ocean Shark #462
ID: 463, Name: Ocean Shark #463
ID: 464, Name: Ocean Shark #464
ID: 465, Name: Forest Shark #465
ID: 466, Name: Forest Shark #466
ID: 467, Name: Forest Shark #467
ID: 468, Name: Forest Shark #468
ID: 469, Name: Forest Shark #469
ID: 470, Name: Desert Shark #470
ID: 471, Name: Desert Shark #471
ID: 472, Name: Desert Shark #472
ID: 473, Name: Desert Shark #473
ID: 474, Name: Desert Shark #474
ID: 475, Name: Ocean Shark #475
ID: 476, Name: Ocean Shark #476
ID: 477, Name: Ocean Shark #477
ID: 478, Name: Ocean Shark #478
ID: 479, Name: Ocean Shark #479
ID: 480, Name: Forest Shark #480
ID: 481, Name: Forest Shark #481
ID: 482, Name: Forest Shark #482
ID: 483, Name: Forest Shark #483
ID: 484, Name: Forest Shark #484
ID: 485, Name: Desert Shark #485
ID: 486, Name: Desert Shark #486
ID: 487, Name: Desert Shark #487
ID: 488, Name: Desert Shark #488
ID: 489, Name: Desert Shark #489
ID: 490, Name: Ocean Shark #490
ID: 491, Name: Ocean Shark #491
ID: 492, Name: Ocean Shark #492
ID: 493, Name: Ocean Shark #493
ID: 494, Name: Ocean Shark #494
ID: 495, Name: Forest Shark #495
ID: 496, Name: Forest Shark #496
ID: 497, Name: Forest Shark #497
ID: 498, Name: Forest Shark #498
ID: 499, Name: Forest Shark #499
ID: 500, Name: Desert Shark #500
ID: 501, Name: Desert Shark #501
ID: 502, Name: Desert Shark #502
ID: 503, Name: Desert Shark #503
ID: 504, Name: Desert Shark #504
ID: 505, Name: Ocean Shark #505
ID: 506, Name: Ocean Shark #506
ID: 507, Name: Ocean Shark #507
ID: 508, Name: Ocean Shark #508
ID: 509, Name: Ocean Shark #509
ID: 510, Name: Forest Shark #510
ID: 511, Name: Forest Shark #511
ID: 512, Name: Forest Shark #512
ID: 513, Name: Forest Shark #513
ID: 514, Name: Forest Shark #514
ID: 515, Name: Desert Shark #515
ID: 516, Name: Desert Shark #516
ID: 517, Name: Desert Shark #517
ID: 518, Name: Desert Shark #518
ID: 519, Name: Desert Shark #519
ID: 520, Name: Ocean Shark #520
ID: 521, Name: Ocean Shark #521
ID: 522, Name: Ocean Shark #522
ID: 523, Name: Ocean Shark #523
ID: 524, Name: Ocean Shark #524
ID: 525, Name: Forest Serpent #525
ID: 526, Name: Forest Serpent #526
ID: 527, Name: Forest Serpent #527
ID: 528, Name: Forest Serpent #528
ID: 529, Name: Forest Serpent #529
ID: 530, Name: Desert Serpent #530
ID: 531, Name: Desert Serpent #531
ID: 532, Name: Desert Serpent #532
ID: 533, Name: Desert Serpent #533
ID: 534, Name: Desert Serpent #534
ID: 535, Name: Ocean Serpent #535
ID: 536, Name: Ocean Serpent #536
ID: 537, Name: Ocean Serpent #537
ID: 538, Name: Ocean Serpent #538
ID: 539, Name: Ocean Serpent #539
ID: 540, Name: Forest Serpent #540
ID: 541, Name: Forest Serpent #541
ID: 542, Name: Forest Serpent #542
ID: 543, Name: Forest Serpent #543
ID: 544, Name: Forest Serpent #544
ID: 545, Name: Desert Serpent #545
ID: 546, Name: Desert Serpent #546
ID: 547, Name: Desert Serpent #547
ID: 548, Name: Desert Serpent #548
ID: 549, Name: Desert Serpent #549
ID: 550, Name: Ocean Serpent #550
ID: 551, Name: Ocean Serpent #551
ID: 552, Name: Ocean Serpent #552
ID: 553, Name: Ocean Serpent #553
ID: 554, Name: Ocean Serpent #554
ID: 555, Name: Forest Serpent #555
ID: 556, Name: Forest Serpent #556
ID: 557, Name: Forest Serpent #557
ID: 558, Name: Forest Serpent #558
ID: 559, Name: Forest Serpent #559
ID: 560, Name: Desert Serpent #560
ID: 561, Name: Desert Serpent #561
ID: 562, Name: Desert Serpent #562
ID: 563, Name: Desert Serpent #563
ID: 564, Name: Desert Serpent #564
ID: 565, Name: Ocean Serpent #565
ID: 566, Name: Ocean Serpent #566
ID: 567, Name: Ocean Serpent #567
ID: 568, Name: Ocean Serpent #568
ID: 569, Name: Ocean Serpent #569
ID: 570, Name: Forest Serpent #570
ID: 571, Name: Forest Serpent #571
ID: 572, Name: Forest Serpent #572
ID: 573, Name: Forest Serpent #573
ID: 574, Name: Forest Serpent #574
ID: 575, Name: Desert Serpent #575
ID: 576, Name: Desert Serpent #576
ID: 577, Name: Desert Serpent #577
ID: 578, Name: Desert Serpent #578
ID: 579, Name: Desert Serpent #579
ID: 580, Name: Ocean Serpent #580
ID: 581, Name: Ocean Serpent #581
ID: 582, Name: Ocean Serpent #582
ID: 583, Name: Ocean Serpent #583
ID: 584, Name: Ocean Serpent #584
ID: 585, Name: Forest Serpent #585
ID: 586, Name: Forest Serpent #586
ID: 587, Name: Forest Serpent #587
ID: 588, Name: Forest Serpent #588
ID: 589, Name: Forest Serpent #589
ID: 590, Name: Desert Serpent #590
ID: 591, Name: Desert Serpent #591
ID: 592, Name: Desert Serpent #592
ID: 593, Name: Desert Serpent #593
ID: 594, Name: Desert Serpent #594
ID: 595, Name: Ocean Serpent #595
ID: 596, Name: Ocean Serpent #596
ID: 597, Name: Ocean Serpent #597
ID: 598, Name: Ocean Serpent #598
ID: 599, Name: Ocean Serpent #599
ID: 600, Name: Forest Bear #600
ID: 601, Name: Forest Bear #601
ID: 602, Name: Forest Bear #602
ID: 603, Name: Forest Bear #603
ID: 604, Name: Forest Bear #604
ID: 605, Name: Desert Bear #605
ID: 606, Name: Desert Bear #606
ID: 607, Name: Desert Bear #607
ID: 608, Name: Desert Bear #608
ID: 609, Name: Desert Bear #609
ID: 610, Name: Ocean Bear #610
ID: 611, Name: Ocean Bear #611
ID: 612, Name: Ocean Bear #612
ID: 613, Name: Ocean Bear #613
ID: 614, Name: Ocean Bear #614
ID: 615, Name: Forest Bear #615
ID: 616, Name: Forest Bear #616
ID: 617, Name: Forest Bear #617
ID: 618, Name: Forest Bear #618
ID: 619, Name: Forest Bear #619
ID: 620, Name: Desert Bear #620
ID: 621, Name: Desert Bear #621
ID: 622, Name: Desert Bear #622
ID: 623, Name: Desert Bear #623
ID: 624, Name: Desert Bear #624
ID: 625, Name: Ocean Bear #625
ID: 626, Name: Ocean Bear #626
ID: 627, Name: Ocean Bear #627
ID: 628, Name: Ocean Bear #628
ID: 629, Name: Ocean Bear #629
ID: 630, Name: Forest Bear #630
ID: 631, Name: Forest Bear #631
ID: 632, Name: Forest Bear #632
ID: 633, Name: Forest Bear #633
ID: 634, Name: Forest Bear #634
ID: 635, Name: Desert Bear #635
ID: 636, Name: Desert Bear #636
ID: 637, Name: Desert Bear #637
ID: 638, Name: Desert Bear #638
ID: 639, Name: Desert Bear #639
ID: 640, Name: Ocean Bear #640
ID: 641, Name: Ocean Bear #641
ID: 642, Name: Ocean Bear #642
ID: 643, Name: Ocean Bear #643
ID: 644, Name: Ocean Bear #644
ID: 645, Name: Forest Bear #645
ID: 646, Name: Forest Bear #646
ID: 647, Name: Forest Bear #647
ID: 648, Name: Forest Bear #648
ID: 649, Name: Forest Bear #649
ID: 650, Name: Desert Bear #650
ID: 651, Name: Desert Bear #651
ID: 652, Name: Desert Bear #652
ID: 653, Name: Desert Bear #653
ID: 654, Name: Desert Bear #654
ID: 655, Name: Ocean Bear #655
ID: 656, Name: Ocean Bear #656
ID: 657, Name: Ocean Bear #657
ID: 658, Name: Ocean Bear #658
ID: 659, Name: Ocean Bear #659
ID: 660, Name: Forest Bear #660
ID: 661, Name: Forest Bear #661
ID: 662, Name: Forest Bear #662
ID: 663, Name: Forest Bear #663
ID: 664, Name: Forest Bear #664
ID: 665, Name: Desert Bear #665
ID: 666, Name: Desert Bear #666
ID: 667, Name: Desert Bear #667
ID: 668, Name: Desert Bear #668
ID: 669, Name: Desert Bear #669
ID: 670, Name: Ocean Bear #670
ID: 671, Name: Ocean Bear #671
ID: 672, Name: Ocean Bear #672
ID: 673, Name: Ocean Bear #673
ID: 674, Name: Ocean Bear #674
ID: 675, Name: Forest Lion #675
ID: 676, Name: Forest Lion #676
ID: 677, Name: Forest Lion #677
ID: 678, Name: Forest Lion #678
ID: 679, Name: Forest Lion #679
ID: 680, Name: Desert Lion #680
ID: 681, Name: Desert Lion #681
ID: 682, Name: Desert Lion #682
ID: 683, Name: Desert Lion #683
ID: 684, Name: Desert Lion #684
ID: 685, Name: Ocean Lion #685
ID: 686, Name: Ocean Lion #686
ID: 687, Name: Ocean Lion #687
ID: 688, Name: Ocean Lion #688
ID: 689, Name: Ocean Lion #689
ID: 690, Name: Forest Lion #690
ID: 691, Name: Forest Lion #691
ID: 692, Name: Forest Lion #692
ID: 693, Name: Forest Lion #693
ID: 694, Name: Forest Lion #694
ID: 695, Name: Desert Lion #695
ID: 696, Name: Desert Lion #696
ID: 697, Name: Desert Lion #697
ID: 698, Name: Desert Lion #698
ID: 699, Name: Desert Lion #699
ID: 700, Name: Ocean Lion #700
ID: 701, Name: Ocean Lion #701
ID: 702, Name: Ocean Lion #702
ID: 703, Name: Ocean Lion #703
ID: 704, Name: Ocean Lion #704
ID: 705, Name: Forest Lion #705
ID: 706, Name: Forest Lion #706
ID: 707, Name: Forest Lion #707
ID: 708, Name: Forest Lion #708
ID: 709, Name: Forest Lion #709
ID: 710, Name: Desert Lion #710
ID: 711, Name: Desert Lion #711
ID: 712, Name: Desert Lion #712
ID: 713, Name: Desert Lion #713
ID: 714, Name: Desert Lion #714
ID: 715, Name: Ocean Lion #715
ID: 716, Name: Ocean Lion #716
ID: 717, Name: Ocean Lion #717
ID: 718, Name: Ocean Lion #718
ID: 719, Name: Ocean Lion #719
ID: 720, Name: Forest Lion #720
ID: 721, Name: Forest Lion #721
ID: 722, Name: Forest Lion #722
ID: 723, Name: Forest Lion #723
ID: 724, Name: Forest Lion #724
ID: 725, Name: Desert Lion #725
ID: 726, Name: Desert Lion #726
ID: 727, Name: Desert Lion #727
ID: 728, Name: Desert Lion #728
ID: 729, Name: Desert Lion #729
ID: 730, Name: Ocean Lion #730
ID: 731, Name: Ocean Lion #731
ID: 732, Name: Ocean Lion #732
ID: 733, Name: Ocean Lion #733
ID: 734, Name: Ocean Lion #734
ID: 735, Name: Forest Lion #735
ID: 736, Name: Forest Lion #736
ID: 737, Name: Forest Lion #737
ID: 738, Name: Forest Lion #738
ID: 739, Name: Forest Lion #739
ID: 740, Name: Desert Lion #740
ID: 741, Name: Desert Lion #741
ID: 742, Name: Desert Lion #742
ID: 743, Name: Desert Lion #743
ID: 744, Name: Desert Lion #744
ID: 745, Name: Ocean Lion #745
ID: 746, Name: Ocean Lion #746
ID: 747, Name: Ocean Lion #747
ID: 748, Name: Ocean Lion #748
ID: 749, Name: Ocean Lion #749
ID: 750, Name: Forest Tiger #750
ID: 751, Name: Forest Tiger #751
ID: 752, Name: Forest Tiger #752
ID: 753, Name: Forest Tiger #753
ID: 754, Name: Forest Tiger #754
ID: 755, Name: Desert Tiger #755
ID: 756, Name: Desert Tiger #756
ID: 757, Name: Desert Tiger #757
ID: 758, Name: Desert Tiger #758
ID: 759, Name: Desert Tiger #759
ID: 760, Name: Ocean Tiger #760
ID: 761, Name: Ocean Tiger #761
ID: 762, Name: Ocean Tiger #762
ID: 763, Name: Ocean Tiger #763
ID: 764, Name: Ocean Tiger #764
ID: 765, Name: Forest Tiger #765
ID: 766, Name: Forest Tiger #766
ID: 767, Name: Forest Tiger #767
ID: 768, Name: Forest Tiger #768
ID: 769, Name: Forest Tiger #769
ID: 770, Name: Desert Tiger #770
ID: 771, Name: Desert Tiger #771
ID: 772, Name: Desert Tiger #772
ID: 773, Name: Desert Tiger #773
ID: 774, Name: Desert Tiger #774
ID: 775, Name: Ocean Tiger #775
ID: 776, Name: Ocean Tiger #776
ID: 777, Name: Ocean Tiger #777
ID: 778, Name: Ocean Tiger #778
ID: 779, Name: Ocean Tiger #779
ID: 780, Name: Forest Tiger #780
ID: 781, Name: Forest Tiger #781
ID: 782, Name: Forest Tiger #782
ID: 783, Name: Forest Tiger #783
ID: 784, Name: Forest Tiger #784
ID: 785, Name: Desert Tiger #785
ID: 786, Name: Desert Tiger #786
ID: 787, Name: Desert Tiger #787
ID: 788, Name: Desert Tiger #788
ID: 789, Name: Desert Tiger #789
ID: 790, Name: Ocean Tiger #790
ID: 791, Name: Ocean Tiger #791
ID: 792, Name: Ocean Tiger #792
ID: 793, Name: Ocean Tiger #793
ID: 794, Name: Ocean Tiger #794
ID: 795, Name: Forest Tiger #795
ID: 796, Name: Forest Tiger #796
ID: 797, Name: Forest Tiger #797
ID: 798, Name: Forest Tiger #798
ID: 799, Name: Forest Tiger #799
ID: 800, Name: Desert Tiger #800
ID: 801, Name: Desert Tiger #801
ID: 802, Name: Desert Tiger #802
ID: 803, Name: Desert Tiger #803
ID: 804, Name: Desert Tiger #804
ID: 805, Name: Ocean Tiger #805
ID: 806, Name: Ocean Tiger #806
ID: 807, Name: Ocean Tiger #807
ID: 808, Name: Ocean Tiger #808
ID: 809, Name: Ocean Tiger #809
ID: 810, Name: Forest Tiger #810
ID: 811, Name: Forest Tiger #811
ID: 812, Name: Forest Tiger #812
ID: 813, Name: Forest Tiger #813
ID: 814, Name: Forest Tiger #814
ID: 815, Name: Desert Tiger #815
ID: 816, Name: Desert Tiger #816
ID: 817, Name: Desert Tiger #817
ID: 818, Name: Desert Tiger #818
ID: 819, Name: Desert Tiger #819
ID: 820, Name: Ocean Tiger #820
ID: 821, Name: Ocean Tiger #821
ID: 822, Name: Ocean Tiger #822
ID: 823, Name: Ocean Tiger #823
ID: 824, Name: Ocean Tiger #824
ID: 825, Name: Forest Fox #825
ID: 826, Name: Forest Fox #826
ID: 827, Name: Forest Fox #827
ID: 828, Name: Forest Fox #828
ID: 829, Name: Forest Fox #829
ID: 830, Name: Desert Fox #830
ID: 831, Name: Desert Fox #831
ID: 832, Name: Desert Fox #832
ID: 833, Name: Desert Fox #833
ID: 834, Name: Desert Fox #834
ID: 835, Name: Ocean Fox #835
ID: 836, Name: Ocean Fox #836
ID: 837, Name: Ocean Fox #837
ID: 838, Name: Ocean Fox #838
ID: 839, Name: Ocean Fox #839
ID: 840, Name: Forest Fox #840
ID: 841, Name: Forest Fox #841
ID: 842, Name: Forest Fox #842
ID: 843, Name: Forest Fox #843
ID: 844, Name: Forest Fox #844
ID: 845, Name: Desert Fox #845
ID: 846, Name: Desert Fox #846
ID: 847, Name: Desert Fox #847
ID: 848, Name: Desert Fox #848
ID: 849, Name: Desert Fox #849
ID: 850, Name: Ocean Fox #850
ID: 851, Name: Ocean Fox #851
ID: 852, Name: Ocean Fox #852
ID: 853, Name: Ocean Fox #853
ID: 854, Name: Ocean Fox #854
ID: 855, Name: Forest Fox #855
ID: 856, Name: Forest Fox #856
ID: 857, Name: Forest Fox #857
ID: 858, Name: Forest Fox #858
ID: 859, Name: Forest Fox #859
ID: 860, Name: Desert Fox #860
ID: 861, Name: Desert Fox #861
ID: 862, Name: Desert Fox #862
ID: 863, Name: Desert Fox #863
ID: 864, Name: Desert Fox #864
ID: 865, Name: Ocean Fox #865
ID: 866, Name: Ocean Fox #866
ID: 867, Name: Ocean Fox #867
ID: 868, Name: Ocean Fox #868
ID: 869, Name: Ocean Fox #869
ID: 870, Name: Forest Fox #870
ID: 871, Name: Forest Fox #871
ID: 872, Name: Forest Fox #872
ID: 873, Name: Forest Fox #873
ID: 874, Name: Forest Fox #874
ID: 875, Name: Desert Fox #875
ID: 876, Name: Desert Fox #876
ID: 877, Name: Desert Fox #877
ID: 878, Name: Desert Fox #878
ID: 879, Name: Desert Fox #879
ID: 880, Name: Ocean Fox #880
ID: 881, Name: Ocean Fox #881
ID: 882, Name: Ocean Fox #882
ID: 883, Name: Ocean Fox #883
ID: 884, Name: Ocean Fox #884
ID: 885, Name: Forest Fox #885
ID: 886, Name: Forest Fox #886
ID: 887, Name: Forest Fox #887
ID: 888, Name: Forest Fox #888
ID: 889, Name: Forest Fox #889
ID: 890, Name: Desert Fox #890
ID: 891, Name: Desert Fox #891
ID: 892, Name: Desert Fox #892
ID: 893, Name: Desert Fox #893
ID: 894, Name: Desert Fox #894
ID: 895, Name: Ocean Fox #895
ID: 896, Name: Ocean Fox #896
ID: 897, Name: Ocean Fox #897
ID: 898, Name: Ocean Fox #898
ID: 899, Name: Ocean Fox #899
ID: 900, Name: Forest Owl #900
ID: 901, Name: Forest Owl #901
ID: 902, Name: Forest Owl #902
ID: 903, Name: Forest Owl #903
ID: 904, Name: Forest Owl #904
ID: 905, Name: Desert Owl #905
ID: 906, Name: Desert Owl #906
ID: 907, Name: Desert Owl #907
ID: 908, Name: Desert Owl #908
ID: 909, Name: Desert Owl #909
ID: 910, Name: Ocean Owl #910
ID: 911, Name: Ocean Owl #911
ID: 912, Name: Ocean Owl #912
ID: 913, Name: Ocean Owl #913
ID: 914, Name: Ocean Owl #914
ID: 915, Name: Forest Owl #915
ID: 916, Name: Forest Owl #916
ID: 917, Name: Forest Owl #917
ID: 918, Name: Forest Owl #918
ID: 919, Name: Forest Owl #919
ID: 920, Name: Desert Owl #920
ID: 921, Name: Desert Owl #921
ID: 922, Name: Desert Owl #922
ID: 923, Name: Desert Owl #923
ID: 924, Name: Desert Owl #924
ID: 925, Name: Ocean Owl #925
ID: 926, Name: Ocean Owl #926
ID: 927, Name: Ocean Owl #927
ID: 928, Name: Ocean Owl #928
ID: 929, Name: Ocean Owl #929
ID: 930, Name: Forest Owl #930
ID: 931, Name: Forest Owl #931
ID: 932, Name: Forest Owl #932
ID: 933, Name: Forest Owl #933
ID: 934, Name: Forest Owl #934
ID: 935, Name: Desert Owl #935
ID: 936, Name: Desert Owl #936
ID: 937, Name: Desert Owl #937
ID: 938, Name: Desert Owl #938
ID: 939, Name: Desert Owl #939
ID: 940, Name: Ocean Owl #940
ID: 941, Name: Ocean Owl #941
ID: 942, Name: Ocean Owl #942
ID: 943, Name: Ocean Owl #943
ID: 944, Name: Ocean Owl #944
ID: 945, Name: Forest Owl #945
ID: 946, Name: Forest Owl #946
ID: 947, Name: Forest Owl #947
ID: 948, Name: Forest Owl #948
ID: 949, Name: Forest Owl #949
ID: 950, Name: Desert Owl #950
ID: 951, Name: Desert Owl #951
ID: 952, Name: Desert Owl #952
ID: 953, Name: Desert Owl #953
ID: 954, Name: Desert Owl #954
ID: 955, Name: Ocean Owl #955
ID: 956, Name: Ocean Owl #956
ID: 957, Name: Ocean Owl #957
ID: 958, Name: Ocean Owl #958
ID: 959, Name: Ocean Owl #959
ID: 960, Name: Forest Owl #960
ID: 961, Name: Forest Owl #961
ID: 962, Name: Forest Owl #962
ID: 963, Name: Forest Owl #963
ID: 964, Name: Forest Owl #964
ID: 965, Name: Desert Owl #965
ID: 966, Name: Desert Owl #966
ID: 967, Name: Desert Owl #967
ID: 968, Name: Desert Owl #968
ID: 969, Name: Desert Owl #969
ID: 970, Name: Ocean Owl #970
ID: 971, Name: Ocean Owl #971
ID: 972, Name: Ocean Owl #972
ID: 973, Name: Ocean Owl #973
ID: 974, Name: Ocean Owl #974
ID: 975, Name: Forest Bat #975
ID: 976, Name: Forest Bat #976
ID: 977, Name: Forest Bat #977
ID: 978, Name: Forest Bat #978
ID: 979, Name: Forest Bat #979
ID: 980, Name: Desert Bat #980
ID: 981, Name: Desert Bat #981
ID: 982, Name: Desert Bat #982
ID: 983, Name: Desert Bat #983
ID: 984, Name: Desert Bat #984
ID: 985, Name: Ocean Bat #985
ID: 986, Name: Ocean Bat #986
ID: 987, Name: Ocean Bat #987
ID: 988, Name: Ocean Bat #988
ID: 989, Name: Ocean Bat #989
ID: 990, Name: Forest Bat #990
ID: 991, Name: Forest Bat #991
ID: 992, Name: Forest Bat #992
ID: 993, Name: Forest Bat #993
ID: 994, Name: Forest Bat #994
ID: 995, Name: Desert Bat #995
ID: 996, Name: Desert Bat #996
ID: 997, Name: Desert Bat #997
ID: 998, Name: Desert Bat #998
ID: 999, Name: Desert Bat #999
ID: 1000, Name: Ocean Bat #1000
ID: 1001, Name: Ocean Bat #1001
ID: 1002, Name: Ocean Bat #1002
ID: 1003, Name: Ocean Bat #1003
ID: 1004, Name: Ocean Bat #1004
ID: 1005, Name: Forest Bat #1005
ID: 1006, Name: Forest Bat #1006
ID: 1007, Name: Forest Bat #1007
ID: 1008, Name: Forest Bat #1008
ID: 1009, Name: Forest Bat #1009
ID: 1010, Name: Desert Bat #1010
ID: 1011, Name: Desert Bat #1011
ID: 1012, Name: Desert Bat #1012
ID: 1013, Name: Desert Bat #1013
ID: 1014, Name: Desert Bat #1014
ID: 1015, Name: Ocean Bat #1015
ID: 1016, Name: Ocean Bat #1016
ID: 1017, Name: Ocean Bat #1017
ID: 1018, Name: Ocean Bat #1018
ID: 1019, Name: Ocean Bat #1019
ID: 1020, Name: Forest Bat #1020
ID: 1021, Name: Forest Bat #1021
ID: 1022, Name: Forest Bat #1022
ID: 1023, Name: Forest Bat #1023
ID: 1024, Name: Forest Bat #1024
ID: 1025, Name: Desert Bat #1025
ID: 1026, Name: Desert Bat #1026
ID: 1027, Name: Desert Bat #1027
ID: 1028, Name: Desert Bat #1028
ID: 1029, Name: Desert Bat #1029
ID: 1030, Name: Ocean Bat #1030
ID: 1031, Name: Ocean Bat #1031
ID: 1032, Name: Ocean Bat #1032
ID: 1033, Name: Ocean Bat #1033
ID: 1034, Name: Ocean Bat #1034
ID: 1035, Name: Forest Bat #1035
ID: 1036, Name: Forest Bat #1036
ID: 1037, Name: Forest Bat #1037
ID: 1038, Name: Forest Bat #1038
ID: 1039, Name: Forest Bat #1039
ID: 1040, Name: Desert Bat #1040
ID: 1041, Name: Desert Bat #1041
ID: 1042, Name: Desert Bat #1042
ID: 1043, Name: Desert Bat #1043
ID: 1044, Name: Desert Bat #1044
ID: 1045, Name: Ocean Bat #1045
ID: 1046, Name: Ocean Bat #1046
ID: 1047, Name: Ocean Bat #1047
ID: 1048, Name: Ocean Bat #1048
ID: 1049, Name: Ocean Bat #1049
ID: 1050, Name: Forest Turtle #1050
ID: 1051, Name: Forest Turtle #1051
ID: 1052, Name: Forest Turtle #1052
ID: 1053, Name: Forest Turtle #1053
ID: 1054, Name: Forest Turtle #1054
ID: 1055, Name: Desert Turtle #1055
ID: 1056, Name: Desert Turtle #1056
ID: 1057, Name: Desert Turtle #1057
ID: 1058, Name: Desert Turtle #1058
ID: 1059, Name: Desert Turtle #1059
ID: 1060, Name: Ocean Turtle #1060
ID: 1061, Name: Ocean Turtle #1061
ID: 1062, Name: Ocean Turtle #1062
ID: 1063, Name: Ocean Turtle #1063
ID: 1064, Name: Ocean Turtle #1064
ID: 1065, Name: Forest Turtle #1065
ID: 1066, Name: Forest Turtle #1066
ID: 1067, Name: Forest Turtle #1067
ID: 1068, Name: Forest Turtle #1068
ID: 1069, Name: Forest Turtle #1069
ID: 1070, Name: Desert Turtle #1070
ID: 1071, Name: Desert Turtle #1071
ID: 1072, Name: Desert Turtle #1072
ID: 1073, Name: Desert Turtle #1073
ID: 1074, Name: Desert Turtle #1074
ID: 1075, Name: Ocean Turtle #1075
ID: 1076, Name: Ocean Turtle #1076
ID: 1077, Name: Ocean Turtle #1077
ID: 1078, Name: Ocean Turtle #1078
ID: 1079, Name: Ocean Turtle #1079
ID: 1080, Name: Forest Turtle #1080
ID: 1081, Name: Forest Turtle #1081
ID: 1082, Name: Forest Turtle #1082
ID: 1083, Name: Forest Turtle #1083
ID: 1084, Name: Forest Turtle #1084
ID: 1085, Name: Desert Turtle #1085
ID: 1086, Name: Desert Turtle #1086
ID: 1087, Name: Desert Turtle #1087
ID: 1088, Name: Desert Turtle #1088
ID: 1089, Name: Desert Turtle #1089
ID: 1090, Name: Ocean Turtle #1090
ID: 1091, Name: Ocean Turtle #1091
ID: 1092, Name: Ocean Turtle #1092
ID: 1093, Name: Ocean Turtle #1093
ID: 1094, Name: Ocean Turtle #1094
ID: 1095, Name: Forest Turtle #1095
ID: 1096, Name: Forest Turtle #1096
ID: 1097, Name: Forest Turtle #1097
ID: 1098, Name: Forest Turtle #1098
ID: 1099, Name: Forest Turtle #1099
ID: 1100, Name: Desert Turtle #1100
ID: 1101, Name: Desert Turtle #1101
ID: 1102, Name: Desert Turtle #1102
ID: 1103, Name: Desert Turtle #1103
ID: 1104, Name: Desert Turtle #1104
ID: 1105, Name: Ocean Turtle #1105
ID: 1106, Name: Ocean Turtle #1106
ID: 1107, Name: Ocean Turtle #1107
ID: 1108, Name: Ocean Turtle #1108
ID: 1109, Name: Ocean Turtle #1109
ID: 1110, Name: Forest Turtle #1110
ID: 1111, Name: Forest Turtle #1111
ID: 1112, Name: Forest Turtle #1112
ID: 1113, Name: Forest Turtle #1113
ID: 1114, Name: Forest Turtle #1114
ID: 1115, Name: Desert Turtle #1115
ID: 1116, Name: Desert Turtle #1116
ID: 1117, Name: Desert Turtle #1117
ID: 1118, Name: Desert Turtle #1118
ID: 1119, Name: Desert Turtle #1119
ID: 1120, Name: Ocean Turtle #1120
ID: 1121, Name: Ocean Turtle #1121
ID: 1122, Name: Ocean Turtle #1122
ID: 1123, Name: Ocean Turtle #1123
ID: 1124, Name: Ocean Turtle #1124
ID: 1125, Name: Forest Spider #1125
ID: 1126, Name: Forest Spider #1126
ID: 1127, Name: Forest Spider #1127
ID: 1128, Name: Forest Spider #1128
ID: 1129, Name: Forest Spider #1129
ID: 1130, Name: Desert Spider #1130
ID: 1131, Name: Desert Spider #1131
ID: 1132, Name: Desert Spider #1132
ID: 1133, Name: Desert Spider #1133
ID: 1134, Name: Desert Spider #1134
ID: 1135, Name: Ocean Spider #1135
ID: 1136, Name: Ocean Spider #1136
ID: 1137, Name: Ocean Spider #1137
ID: 1138, Name: Ocean Spider #1138
ID: 1139, Name: Ocean Spider #1139
ID: 1140, Name: Forest Spider #1140
ID: 1141, Name: Forest Spider #1141
ID: 1142, Name: Forest Spider #1142
ID: 1143, Name: Forest Spider #1143
ID: 1144, Name: Forest Spider #1144
ID: 1145, Name: Desert Spider #1145
ID: 1146, Name: Desert Spider #1146
ID: 1147, Name: Desert Spider #1147
ID: 1148, Name: Desert Spider #1148
ID: 1149, Name: Desert Spider #1149
ID: 1150, Name: Ocean Spider #1150
ID: 1151, Name: Ocean Spider #1151
ID: 1152, Name: Ocean Spider #1152
ID: 1153, Name: Ocean Spider #1153
ID: 1154, Name: Ocean Spider #1154
ID: 1155, Name: Forest Spider #1155
ID: 1156, Name: Forest Spider #1156
ID: 1157, Name: Forest Spider #1157
ID: 1158, Name: Forest Spider #1158
ID: 1159, Name: Forest Spider #1159
ID: 1160, Name: Desert Spider #1160
ID: 1161, Name: Desert Spider #1161
ID: 1162, Name: Desert Spider #1162
ID: 1163, Name: Desert Spider #1163
ID: 1164, Name: Desert Spider #1164
ID: 1165, Name: Ocean Spider #1165
ID: 1166, Name: Ocean Spider #1166
ID: 1167, Name: Ocean Spider #1167
ID: 1168, Name: Ocean Spider #1168
ID: 1169, Name: Ocean Spider #1169
ID: 1170, Name: Forest Spider #1170
ID: 1171, Name: Forest Spider #1171
ID: 1172, Name: Forest Spider #1172
ID: 1173, Name: Forest Spider #1173
ID: 1174, Name: Forest Spider #1174
ID: 1175, Name: Desert Spider #1175
ID: 1176, Name: Desert Spider #1176
ID: 1177, Name: Desert Spider #1177
ID: 1178, Name: Desert Spider #1178
ID: 1179, Name: Desert Spider #1179
ID: 1180, Name: Ocean Spider #1180
ID: 1181, Name: Ocean Spider #1181
ID: 1182, Name: Ocean Spider #1182
ID: 1183, Name: Ocean Spider #1183
ID: 1184, Name: Ocean Spider #1184
ID: 1185, Name: Forest Spider #1185
ID: 1186, Name: Forest Spider #1186
ID: 1187, Name: Forest Spider #1187
ID: 1188, Name: Forest Spider #1188
ID: 1189, Name: Forest Spider #1189
ID: 1190, Name: Desert Spider #1190
ID: 1191, Name: Desert Spider #1191
ID: 1192, Name: Desert Spider #1192
ID: 1193, Name: Desert Spider #1193
ID: 1194, Name: Desert Spider #1194
ID: 1195, Name: Ocean Spider #1195
ID: 1196, Name: Ocean Spider #1196
ID: 1197, Name: Ocean Spider #1197
ID: 1198, Name: Ocean Spider #1198
ID: 1199, Name: Ocean Spider #1199
ID: 1200, Name: Forest Octopus #1200
ID: 1201, Name: Forest Octopus #1201
ID: 1202, Name: Forest Octopus #1202
ID: 1203, Name: Forest Octopus #1203
ID: 1204, Name: Forest Octopus #1204
ID: 1205, Name: Desert Octopus #1205
ID: 1206, Name: Desert Octopus #1206
ID: 1207, Name: Desert Octopus #1207
ID: 1208, Name: Desert Octopus #1208
ID: 1209, Name: Desert Octopus #1209
ID: 1210, Name: Ocean Octopus #1210
ID: 1211, Name: Ocean Octopus #1211
ID: 1212, Name: Ocean Octopus #1212
ID: 1213, Name: Ocean Octopus #1213
ID: 1214, Name: Ocean Octopus #1214
ID: 1215, Name: Forest Octopus #1215
ID: 1216, Name: Forest Octopus #1216
ID: 1217, Name: Forest Octopus #1217
ID: 1218, Name: Forest Octopus #1218
ID: 1219, Name: Forest Octopus #1219
ID: 1220, Name: Desert Octopus #1220
ID: 1221, Name: Desert Octopus #1221
ID: 1222, Name: Desert Octopus #1222
ID: 1223, Name: Desert Octopus #1223
ID: 1224, Name: Desert Octopus #1224
ID: 1225, Name: Ocean Octopus #1225
ID: 1226, Name: Ocean Octopus #1226
ID: 1227, Name: Ocean Octopus #1227
ID: 1228, Name: Ocean Octopus #1228
ID: 1229, Name: Ocean Octopus #1229
ID: 1230, Name: Forest Octopus #1230
ID: 1231, Name: Forest Octopus #1231
ID: 1232, Name: Forest Octopus #1232
ID: 1233, Name: Forest Octopus #1233
ID: 1234, Name: Forest Octopus #1234
ID: 1235, Name: Desert Octopus #1235
ID: 1236, Name: Desert Octopus #1236
ID: 1237, Name: Desert Octopus #1237
ID: 1238, Name: Desert Octopus #1238
ID: 1239, Name: Desert Octopus #1239
ID: 1240, Name: Ocean Octopus #1240
ID: 1241, Name: Ocean Octopus #1241
ID: 1242, Name: Ocean Octopus #1242
ID: 1243, Name: Ocean Octopus #1243
ID: 1244, Name: Ocean Octopus #1244
ID: 1245, Name: Forest Octopus #1245
ID: 1246, Name: Forest Octopus #1246
ID: 1247, Name: Forest Octopus #1247
ID: 1248, Name: Forest Octopus #1248
ID: 1249, Name: Forest Octopus #1249
ID: 1250, Name: Desert Octopus #1250
ID: 1251, Name: Desert Octopus #1251
ID: 1252, Name: Desert Octopus #1252
ID: 1253, Name: Desert Octopus #1253
ID: 1254, Name: Desert Octopus #1254
ID: 1255, Name: Ocean Octopus #1255
ID: 1256, Name: Ocean Octopus #1256
ID: 1257, Name: Ocean Octopus #1257
ID: 1258, Name: Ocean Octopus #1258
ID: 1259, Name: Ocean Octopus #1259
ID: 1260, Name: Forest Octopus #1260
ID: 1261, Name: Forest Octopus #1261
ID: 1262, Name: Forest Octopus #1262
ID: 1263, Name: Forest Octopus #1263
ID: 1264, Name: Forest Octopus #1264
ID: 1265, Name: Desert Octopus #1265
ID: 1266, Name: Desert Octopus #1266
ID: 1267, Name: Desert Octopus #1267
ID: 1268, Name: Desert Octopus #1268
ID: 1269, Name: Desert Octopus #1269
ID: 1270, Name: Ocean Octopus #1270
ID: 1271, Name: Ocean Octopus #1271
ID: 1272, Name: Ocean Octopus #1272
ID: 1273, Name: Ocean Octopus #1273
ID: 1274, Name: Ocean Octopus #1274
Valid descriptions: 1275
Expected Valid descriptions: 1275
Descriptions matched expectation: true
